SAMURAI> mkdir git_challenge


    ディレクトリ: SAMURAI


Mode                 LastWriteTime         Length Name
----                 -------------         ------ ----
d-----        2024/11/30     13:10                git_challenge


SAMURAI> cd .\git_challenge\
SAMURAI\git_challenge> git init
Initialized empty Git repository in SAMURAI/git_challenge/.git/

SAMURAI\git_challenge> echo "Hello,world!" >> hello_world.txt
SAMURAI\git_challenge> git add hello_world.txt
SAMURAI\git_challenge> git commit -m "hello_world.txtを追加"
[main (root-commit) d98e2f6] hello_world.txtを追加
 1 file changed, 0 insertions(+), 0 deletions(-)
 create mode 100644 hello_world.txt

SAMURAI\git_challenge> echo "こんにちは、世界！" >> hello_world.txt
SAMURAI\git_challenge> git add hello_world.txt
SAMURAI\git_challenge> git commit -m "こんにちは、世界！を追加"
[main 3195de0] こんにちは、世界！を追加
 1 file changed, 0 insertions(+), 0 deletions(-)

SAMURAI\git\git_challenge> git log --oneline
3195de0 (HEAD -> main) こんにちは、世界！を追加
d98e2f6 hello_world.txtを追加
SAMURAI\git\git_challenge>